
> claw3d@0.1.0 typecheck
> tsc --noEmit

src/features/agents/components/AgentChatPanel.tsx(166,12): error TS2345: Argument of type '"agentChat.execApproval.title"' is not assignable to parameter of type '"common.loading" | "common.save" | "common.cancel" | "common.delete" | "common.edit" | "common.close" | "common.error" | "hqSidebar.analytics" | "hqSidebar.collapseHq" | ... 125 more ... | "settingsPanel.sources.presence"'.
src/features/agents/components/AgentChatPanel.tsx(189,14): error TS2345: Argument of type '"agentChat.execApproval.allowOnce"' is not assignable to parameter of type '"common.loading" | "common.save" | "common.cancel" | "common.delete" | "common.edit" | "common.close" | "common.error" | "hqSidebar.analytics" | "hqSidebar.collapseHq" | ... 125 more ... | "settingsPanel.sources.presence"'.
src/features/agents/components/AgentChatPanel.tsx(198,14): error TS2345: Argument of type '"agentChat.execApproval.allowAlways"' is not assignable to parameter of type '"common.loading" | "common.save" | "common.cancel" | "common.delete" | "common.edit" | "common.close" | "common.error" | "hqSidebar.analytics" | "hqSidebar.collapseHq" | ... 125 more ... | "settingsPanel.sources.presence"'.
src/features/agents/components/AgentChatPanel.tsx(207,14): error TS2345: Argument of type '"agentChat.execApproval.deny"' is not assignable to parameter of type '"common.loading" | "common.save" | "common.cancel" | "common.delete" | "common.edit" | "common.close" | "common.error" | "hqSidebar.analytics" | "hqSidebar.collapseHq" | ... 125 more ... | "settingsPanel.sources.presence"'.
src/features/agents/components/AgentChatPanel.tsx(298,16): error TS2345: Argument of type '"agentChat.thinking"' is not assignable to parameter of type '"common.loading" | "common.save" | "common.cancel" | "common.delete" | "common.edit" | "common.close" | "common.error" | "hqSidebar.analytics" | "hqSidebar.collapseHq" | ... 125 more ... | "settingsPanel.sources.presence"'.
src/features/agents/components/AgentChatPanel.tsx(351,14): error TS2345: Argument of type '"agentChat.you"' is not assignable to parameter of type '"common.loading" | "common.save" | "common.cancel" | "common.delete" | "common.edit" | "common.close" | "common.error" | "hqSidebar.analytics" | "hqSidebar.collapseHq" | ... 125 more ... | "settingsPanel.sources.presence"'.
src/features/agents/components/AgentChatPanel.tsx(427,18): error TS2345: Argument of type '"agentChat.thinking"' is not assignable to parameter of type '"common.loading" | "common.save" | "common.cancel" | "common.delete" | "common.edit" | "common.close" | "common.error" | "hqSidebar.analytics" | "hqSidebar.collapseHq" | ... 125 more ... | "settingsPanel.sources.presence"'.
src/features/agents/components/AgentChatPanel.tsx(445,22): error TS2345: Argument of type '"agentChat.thinking"' is not assignable to parameter of type '"common.loading" | "common.save" | "common.cancel" | "common.delete" | "common.edit" | "common.close" | "common.error" | "hqSidebar.analytics" | "hqSidebar.collapseHq" | ... 125 more ... | "settingsPanel.sources.presence"'.
src/features/agents/components/AgentChatPanel.tsx(768,20): error TS2345: Argument of type '"agentChat.loadMore"' is not assignable to parameter of type '"common.loading" | "common.save" | "common.cancel" | "common.delete" | "common.edit" | "common.close" | "common.error" | "hqSidebar.analytics" | "hqSidebar.collapseHq" | ... 125 more ... | "settingsPanel.sources.presence"'.
src/features/agents/components/AgentChatPanel.tsx(827,25): error TS2345: Argument of type '"agentChat.jumpToLatest"' is not assignable to parameter of type '"common.loading" | "common.save" | "common.cancel" | "common.delete" | "common.edit" | "common.close" | "common.error" | "hqSidebar.analytics" | "hqSidebar.collapseHq" | ... 125 more ... | "settingsPanel.sources.presence"'.
src/features/agents/components/AgentChatPanel.tsx(829,14): error TS2345: Argument of type '"agentChat.jumpToLatest"' is not assignable to parameter of type '"common.loading" | "common.save" | "common.cancel" | "common.delete" | "common.edit" | "common.close" | "common.error" | "hqSidebar.analytics" | "hqSidebar.collapseHq" | ... 125 more ... | "settingsPanel.sources.presence"'.
src/features/agents/components/AgentChatPanel.tsx(969,39): error TS2345: Argument of type '"agentChat.chooseModel"' is not assignable to parameter of type '"common.loading" | "common.save" | "common.cancel" | "common.delete" | "common.edit" | "common.close" | "common.error" | "hqSidebar.analytics" | "hqSidebar.collapseHq" | ... 125 more ... | "settingsPanel.sources.presence"'.
src/features/agents/components/AgentChatPanel.tsx(992,41): error TS2345: Argument of type '"agentChat.selectReasoningEffort"' is not assignable to parameter of type '"common.loading" | "common.save" | "common.cancel" | "common.delete" | "common.edit" | "common.close" | "common.error" | "hqSidebar.analytics" | "hqSidebar.collapseHq" | ... 125 more ... | "settingsPanel.sources.presence"'.
src/features/agents/components/AgentChatPanel.tsx(1019,27): error TS2345: Argument of type '"agentChat.showToolCalls"' is not assignable to parameter of type '"common.loading" | "common.save" | "common.cancel" | "common.delete" | "common.edit" | "common.close" | "common.error" | "hqSidebar.analytics" | "hqSidebar.collapseHq" | ... 125 more ... | "settingsPanel.sources.presence"'.
src/features/agents/components/AgentChatPanel.tsx(1033,27): error TS2345: Argument of type '"agentChat.showThinkingTraces"' is not assignable to parameter of type '"common.loading" | "common.save" | "common.cancel" | "common.delete" | "common.edit" | "common.close" | "common.error" | "hqSidebar.analytics" | "hqSidebar.collapseHq" | ... 125 more ... | "settingsPanel.sources.presence"'.
src/features/agents/components/AgentChatPanel.tsx(1064,24): error TS2345: Argument of type '"agentChat.queued"' is not assignable to parameter of type '"common.loading" | "common.save" | "common.cancel" | "common.delete" | "common.edit" | "common.close" | "common.error" | "hqSidebar.analytics" | "hqSidebar.collapseHq" | ... 125 more ... | "settingsPanel.sources.presence"'.
src/features/agents/components/AgentChatPanel.tsx(1075,36): error TS2345: Argument of type '"agentChat.removeQueuedMessage"' is not assignable to parameter of type '"common.loading" | "common.save" | "common.cancel" | "common.delete" | "common.edit" | "common.close" | "common.error" | "hqSidebar.analytics" | "hqSidebar.collapseHq" | ... 125 more ... | "settingsPanel.sources.presence"'.
src/features/agents/components/AgentChatPanel.tsx(1092,32): error TS2345: Argument of type '"agentChat.stopping"' is not assignable to parameter of type '"common.loading" | "common.save" | "common.cancel" | "common.delete" | "common.edit" | "common.close" | "common.error" | "hqSidebar.analytics" | "hqSidebar.collapseHq" | ... 125 more ... | "settingsPanel.sources.presence"'.
src/features/agents/components/AgentChatPanel.tsx(1092,74): error TS2345: Argument of type '"agentChat.stop"' is not assignable to parameter of type '"common.loading" | "common.save" | "common.cancel" | "common.delete" | "common.edit" | "common.close" | "common.error" | "hqSidebar.analytics" | "hqSidebar.collapseHq" | ... 125 more ... | "settingsPanel.sources.presence"'.
src/features/agents/components/AgentChatPanel.tsx(1102,18): error TS2345: Argument of type '"agentChat.send"' is not assignable to parameter of type '"common.loading" | "common.save" | "common.cancel" | "common.delete" | "common.edit" | "common.close" | "common.error" | "hqSidebar.analytics" | "hqSidebar.collapseHq" | ... 125 more ... | "settingsPanel.sources.presence"'.
src/features/agents/components/AgentChatPanel.tsx(1126,28): error TS2345: Argument of type '"agentChat.typeMessagePlaceholder"' is not assignable to parameter of type '"common.loading" | "common.save" | "common.cancel" | "common.delete" | "common.edit" | "common.close" | "common.error" | "hqSidebar.analytics" | "hqSidebar.collapseHq" | ... 125 more ... | "settingsPanel.sources.presence"'.
src/features/agents/components/AgentChatPanel.tsx(1157,32): error TS2345: Argument of type '"agentChat.stopping"' is not assignable to parameter of type '"common.loading" | "common.save" | "common.cancel" | "common.delete" | "common.edit" | "common.close" | "common.error" | "hqSidebar.analytics" | "hqSidebar.collapseHq" | ... 125 more ... | "settingsPanel.sources.presence"'.
src/features/agents/components/AgentChatPanel.tsx(1157,74): error TS2345: Argument of type '"agentChat.stop"' is not assignable to parameter of type '"common.loading" | "common.save" | "common.cancel" | "common.delete" | "common.edit" | "common.close" | "common.error" | "hqSidebar.analytics" | "hqSidebar.collapseHq" | ... 125 more ... | "settingsPanel.sources.presence"'.
src/features/agents/components/AgentChatPanel.tsx(1167,16): error TS2345: Argument of type '"agentChat.send"' is not assignable to parameter of type '"common.loading" | "common.save" | "common.cancel" | "common.delete" | "common.edit" | "common.close" | "common.error" | "hqSidebar.analytics" | "hqSidebar.collapseHq" | ... 125 more ... | "settingsPanel.sources.presence"'.
src/features/agents/components/GatewayConnectScreen.tsx(58,16): error TS2345: Argument of type '"gatewayConnect.localFoundConnecting"' is not assignable to parameter of type '"common.loading" | "common.save" | "common.cancel" | "common.delete" | "common.edit" | "common.close" | "common.error" | "hqSidebar.analytics" | "hqSidebar.collapseHq" | ... 125 more ... | "settingsPanel.sources.presence"'.
src/features/agents/components/GatewayConnectScreen.tsx(61,16): error TS2345: Argument of type '"gatewayConnect.remoteConnecting"' is not assignable to parameter of type '"common.loading" | "common.save" | "common.cancel" | "common.delete" | "common.edit" | "common.close" | "common.error" | "hqSidebar.analytics" | "hqSidebar.collapseHq" | ... 125 more ... | "settingsPanel.sources.presence"'.
src/features/agents/components/GatewayConnectScreen.tsx(64,16): error TS2345: Argument of type '"gatewayConnect.noLocalFound"' is not assignable to parameter of type '"common.loading" | "common.save" | "common.cancel" | "common.delete" | "common.edit" | "common.close" | "common.error" | "hqSidebar.analytics" | "hqSidebar.collapseHq" | ... 125 more ... | "settingsPanel.sources.presence"'.
src/features/agents/components/GatewayConnectScreen.tsx(66,14): error TS2345: Argument of type '"gatewayConnect.notConnected"' is not assignable to parameter of type '"common.loading" | "common.save" | "common.cancel" | "common.delete" | "common.edit" | "common.close" | "common.error" | "hqSidebar.analytics" | "hqSidebar.collapseHq" | ... 125 more ... | "settingsPanel.sources.presence"'.
src/features/agents/components/GatewayConnectScreen.tsx(69,44): error TS2345: Argument of type '"gatewayConnect.connectingBtn"' is not assignable to parameter of type '"common.loading" | "common.save" | "common.cancel" | "common.delete" | "common.edit" | "common.close" | "common.error" | "hqSidebar.analytics" | "hqSidebar.collapseHq" | ... 125 more ... | "settingsPanel.sources.presence"'.
src/features/agents/components/GatewayConnectScreen.tsx(69,80): error TS2345: Argument of type '"gatewayConnect.connectBtn"' is not assignable to parameter of type '"common.loading" | "common.save" | "common.cancel" | "common.delete" | "common.edit" | "common.close" | "common.error" | "hqSidebar.analytics" | "hqSidebar.collapseHq" | ... 125 more ... | "settingsPanel.sources.presence"'.
src/features/agents/components/GatewayConnectScreen.tsx(119,12): error TS2345: Argument of type '"gatewayConnect.upstreamUrl"' is not assignable to parameter of type '"common.loading" | "common.save" | "common.cancel" | "common.delete" | "common.edit" | "common.close" | "common.error" | "hqSidebar.analytics" | "hqSidebar.collapseHq" | ... 125 more ... | "settingsPanel.sources.presence"'.
src/features/agents/components/GatewayConnectScreen.tsx(125,26): error TS2345: Argument of type '"gatewayConnect.gatewayUrlPlaceholder"' is not assignable to parameter of type '"common.loading" | "common.save" | "common.cancel" | "common.delete" | "common.edit" | "common.close" | "common.error" | "hqSidebar.analytics" | "hqSidebar.collapseHq" | ... 125 more ... | "settingsPanel.sources.presence"'.
src/features/agents/components/GatewayConnectScreen.tsx(131,55): error TS2345: Argument of type '"gatewayConnect.usingTailscale"' is not assignable to parameter of type '"common.loading" | "common.save" | "common.cancel" | "common.delete" | "common.edit" | "common.close" | "common.error" | "hqSidebar.analytics" | "hqSidebar.collapseHq" | ... 125 more ... | "settingsPanel.sources.presence"'.
src/features/agents/components/GatewayConnectScreen.tsx(133,14): error TS2345: Argument of type '"gatewayConnect.urlFormat"' is not assignable to parameter of type '"common.loading" | "common.save" | "common.cancel" | "common.delete" | "common.edit" | "common.close" | "common.error" | "hqSidebar.analytics" | "hqSidebar.collapseHq" | ... 125 more ... | "settingsPanel.sources.presence"'.
src/features/agents/components/GatewayConnectScreen.tsx(138,12): error TS2345: Argument of type '"gatewayConnect.upstreamToken"' is not assignable to parameter of type '"common.loading" | "common.save" | "common.cancel" | "common.delete" | "common.edit" | "common.close" | "common.error" | "hqSidebar.analytics" | "hqSidebar.collapseHq" | ... 125 more ... | "settingsPanel.sources.presence"'.
src/features/agents/components/GatewayConnectScreen.tsx(145,28): error TS2345: Argument of type '"gatewayConnect.gatewayTokenPlaceholder"' is not assignable to parameter of type '"common.loading" | "common.save" | "common.cancel" | "common.delete" | "common.edit" | "common.close" | "common.error" | "hqSidebar.analytics" | "hqSidebar.collapseHq" | ... 125 more ... | "settingsPanel.sources.presence"'.
src/features/agents/components/GatewayConnectScreen.tsx(151,39): error TS2345: Argument of type '"gatewayConnect.hideToken"' is not assignable to parameter of type '"common.loading" | "common.save" | "common.cancel" | "common.delete" | "common.edit" | "common.close" | "common.error" | "hqSidebar.analytics" | "hqSidebar.collapseHq" | ... 125 more ... | "settingsPanel.sources.presence"'.
src/features/agents/components/GatewayConnectScreen.tsx(151,71): error TS2345: Argument of type '"gatewayConnect.showToken"' is not assignable to parameter of type '"common.loading" | "common.save" | "common.cancel" | "common.delete" | "common.edit" | "common.close" | "common.error" | "hqSidebar.analytics" | "hqSidebar.collapseHq" | ... 125 more ... | "settingsPanel.sources.presence"'.
src/features/agents/components/GatewayConnectScreen.tsx(182,16): error TS2345: Argument of type '"gatewayConnect.ifFirstAttempt"' is not assignable to parameter of type '"common.loading" | "common.save" | "common.cancel" | "common.delete" | "common.edit" | "common.close" | "common.error" | "hqSidebar.analytics" | "hqSidebar.collapseHq" | ... 125 more ... | "settingsPanel.sources.presence"'.
src/features/agents/components/GatewayConnectScreen.tsx(210,16): error TS2345: Argument of type '"gatewayConnect.remoteGateway"' is not assignable to parameter of type '"common.loading" | "common.save" | "common.cancel" | "common.delete" | "common.edit" | "common.close" | "common.error" | "hqSidebar.analytics" | "hqSidebar.collapseHq" | ... 125 more ... | "settingsPanel.sources.presence"'.
src/features/agents/components/GatewayConnectScreen.tsx(212,61): error TS2345: Argument of type '"gatewayConnect.remoteGatewayDesc"' is not assignable to parameter of type '"common.loading" | "common.save" | "common.cancel" | "common.delete" | "common.edit" | "common.close" | "common.error" | "hqSidebar.analytics" | "hqSidebar.collapseHq" | ... 125 more ... | "settingsPanel.sources.presence"'.
src/features/agents/components/GatewayConnectScreen.tsx(220,16): error TS2345: Argument of type '"gatewayConnect.runLocally"' is not assignable to parameter of type '"common.loading" | "common.save" | "common.cancel" | "common.delete" | "common.edit" | "common.close" | "common.error" | "hqSidebar.analytics" | "hqSidebar.collapseHq" | ... 125 more ... | "settingsPanel.sources.presence"'.
src/features/agents/components/GatewayConnectScreen.tsx(223,16): error TS2345: Argument of type '"gatewayConnect.runLocallyDesc"' is not assignable to parameter of type '"common.loading" | "common.save" | "common.cancel" | "common.delete" | "common.edit" | "common.close" | "common.error" | "hqSidebar.analytics" | "hqSidebar.collapseHq" | ... 125 more ... | "settingsPanel.sources.presence"'.
src/features/agents/components/GatewayConnectScreen.tsx(232,22): error TS2345: Argument of type '"gatewayConnect.useTokenFrom"' is not assignable to parameter of type '"common.loading" | "common.save" | "common.cancel" | "common.delete" | "common.edit" | "common.close" | "common.error" | "hqSidebar.analytics" | "hqSidebar.collapseHq" | ... 125 more ... | "settingsPanel.sources.presence"'.
src/features/agents/components/GatewayConnectScreen.tsx(242,22): error TS2345: Argument of type '"gatewayConnect.useLocalDefaults"' is not assignable to parameter of type '"common.loading" | "common.save" | "common.cancel" | "common.delete" | "common.edit" | "common.close" | "common.error" | "hqSidebar.analytics" | "hqSidebar.collapseHq" | ... 125 more ... | "settingsPanel.sources.presence"'.
src/features/agents/components/inspect/AgentSettingsPanel.tsx(481,71): error TS2345: Argument of type '"agentSettings.capabilities.runCommands"' is not assignable to parameter of type '"common.loading" | "common.save" | "common.cancel" | "common.delete" | "common.edit" | "common.close" | "common.error" | "hqSidebar.analytics" | "hqSidebar.collapseHq" | ... 125 more ... | "settingsPanel.sources.presence"'.
src/features/agents/components/inspect/AgentSettingsPanel.tsx(485,35): error TS2345: Argument of type '"agentSettings.capabilities.runCommands"' is not assignable to parameter of type '"common.loading" | "common.save" | "common.cancel" | "common.delete" | "common.edit" | "common.close" | "common.error" | "hqSidebar.analytics" | "hqSidebar.collapseHq" | ... 125 more ... | "settingsPanel.sources.presence"'.
src/features/agents/components/inspect/AgentSettingsPanel.tsx(489,47): error TS2345: Argument of type '"agentSettings.capabilities.runCommandsOff"' is not assignable to parameter of type '"common.loading" | "common.save" | "common.cancel" | "common.delete" | "common.edit" | "common.close" | "common.error" | "hqSidebar.analytics" | "hqSidebar.collapseHq" | ... 125 more ... | "settingsPanel.sources.presence"'.
src/features/agents/components/inspect/AgentSettingsPanel.tsx(490,47): error TS2345: Argument of type '"agentSettings.capabilities.runCommandsAsk"' is not assignable to parameter of type '"common.loading" | "common.save" | "common.cancel" | "common.delete" | "common.edit" | "common.close" | "common.error" | "hqSidebar.analytics" | "hqSidebar.collapseHq" | ... 125 more ... | "settingsPanel.sources.presence"'.
src/features/agents/components/inspect/AgentSettingsPanel.tsx(491,48): error TS2345: Argument of type '"agentSettings.capabilities.runCommandsAuto"' is not assignable to parameter of type '"common.loading" | "common.save" | "common.cancel" | "common.delete" | "common.edit" | "common.close" | "common.error" | "hqSidebar.analytics" | "hqSidebar.collapseHq" | ... 125 more ... | "settingsPanel.sources.presence"'.
src/features/agents/components/inspect/AgentSettingsPanel.tsx(522,35): error TS2345: Argument of type '"agentSettings.capabilities.webAccess"' is not assignable to parameter of type '"common.loading" | "common.save" | "common.cancel" | "common.delete" | "common.edit" | "common.close" | "common.error" | "hqSidebar.analytics" | "hqSidebar.collapseHq" | ... 125 more ... | "settingsPanel.sources.presence"'.
src/features/agents/components/inspect/AgentSettingsPanel.tsx(535,85): error TS2345: Argument of type '"agentSettings.capabilities.webAccess"' is not assignable to parameter of type '"common.loading" | "common.save" | "common.cancel" | "common.delete" | "common.edit" | "common.close" | "common.error" | "hqSidebar.analytics" | "hqSidebar.collapseHq" | ... 125 more ... | "settingsPanel.sources.presence"'.
src/features/agents/components/inspect/AgentSettingsPanel.tsx(537,26): error TS2345: Argument of type '"agentSettings.capabilities.webAccessDesc"' is not assignable to parameter of type '"common.loading" | "common.save" | "common.cancel" | "common.delete" | "common.edit" | "common.close" | "common.error" | "hqSidebar.analytics" | "hqSidebar.collapseHq" | ... 125 more ... | "settingsPanel.sources.presence"'.
src/features/agents/components/inspect/AgentSettingsPanel.tsx(548,35): error TS2345: Argument of type '"agentSettings.capabilities.fileTools"' is not assignable to parameter of type '"common.loading" | "common.save" | "common.cancel" | "common.delete" | "common.edit" | "common.close" | "common.error" | "hqSidebar.analytics" | "hqSidebar.collapseHq" | ... 125 more ... | "settingsPanel.sources.presence"'.
src/features/agents/components/inspect/AgentSettingsPanel.tsx(561,85): error TS2345: Argument of type '"agentSettings.capabilities.fileTools"' is not assignable to parameter of type '"common.loading" | "common.save" | "common.cancel" | "common.delete" | "common.edit" | "common.close" | "common.error" | "hqSidebar.analytics" | "hqSidebar.collapseHq" | ... 125 more ... | "settingsPanel.sources.presence"'.
src/features/agents/components/inspect/AgentSettingsPanel.tsx(563,26): error TS2345: Argument of type '"agentSettings.capabilities.fileToolsDesc"' is not assignable to parameter of type '"common.loading" | "common.save" | "common.cancel" | "common.delete" | "common.edit" | "common.close" | "common.error" | "hqSidebar.analytics" | "hqSidebar.collapseHq" | ... 125 more ... | "settingsPanel.sources.presence"'.
src/features/agents/components/inspect/AgentSettingsPanel.tsx(574,35): error TS2345: Argument of type '"agentSettings.capabilities.browserAutomation"' is not assignable to parameter of type '"common.loading" | "common.save" | "common.cancel" | "common.delete" | "common.edit" | "common.close" | "common.error" | "hqSidebar.analytics" | "hqSidebar.collapseHq" | ... 125 more ... | "settingsPanel.sources.presence"'.
src/features/agents/components/inspect/AgentSettingsPanel.tsx(582,85): error TS2345: Argument of type '"agentSettings.capabilities.browserAutomation"' is not assignable to parameter of type '"common.loading" | "common.save" | "common.cancel" | "common.delete" | "common.edit" | "common.close" | "common.error" | "hqSidebar.analytics" | "hqSidebar.collapseHq" | ... 125 more ... | "settingsPanel.sources.presence"'.
src/features/agents/components/inspect/AgentSettingsPanel.tsx(583,79): error TS2345: Argument of type '"agentSettings.capabilities.comingSoon"' is not assignable to parameter of type '"common.loading" | "common.save" | "common.cancel" | "common.delete" | "common.edit" | "common.close" | "common.error" | "hqSidebar.analytics" | "hqSidebar.collapseHq" | ... 125 more ... | "settingsPanel.sources.presence"'.
src/features/agents/components/inspect/AgentSettingsPanel.tsx(590,54): error TS2345: Argument of type '"agentSettings.capabilities.saving"' is not assignable to parameter of type '"common.loading" | "common.save" | "common.cancel" | "common.delete" | "common.edit" | "common.close" | "common.error" | "hqSidebar.analytics" | "hqSidebar.collapseHq" | ... 125 more ... | "settingsPanel.sources.presence"'.
src/features/agents/components/inspect/AgentSettingsPanel.tsx(591,53): error TS2345: Argument of type '"agentSettings.capabilities.saved"' is not assignable to parameter of type '"common.loading" | "common.save" | "common.cancel" | "common.delete" | "common.edit" | "common.close" | "common.error" | "hqSidebar.analytics" | "hqSidebar.collapseHq" | ... 125 more ... | "settingsPanel.sources.presence"'.
src/features/agents/components/inspect/AgentSettingsPanel.tsx(594,22): error TS2345: Argument of type '"agentSettings.capabilities.couldNotSave"' is not assignable to parameter of type '"common.loading" | "common.save" | "common.cancel" | "common.delete" | "common.edit" | "common.close" | "common.error" | "hqSidebar.analytics" | "hqSidebar.collapseHq" | ... 125 more ... | "settingsPanel.sources.presence"'.
src/features/agents/components/inspect/AgentSettingsPanel.tsx(602,24): error TS2345: Argument of type '"agentSettings.capabilities.retry"' is not assignable to parameter of type '"common.loading" | "common.save" | "common.cancel" | "common.delete" | "common.edit" | "common.close" | "common.error" | "hqSidebar.analytics" | "hqSidebar.collapseHq" | ... 125 more ... | "settingsPanel.sources.presence"'.
src/features/agents/components/inspect/AgentSettingsPanel.tsx(609,20): error TS2345: Argument of type '"agentSettings.capabilities.couldNotSave"' is not assignable to parameter of type '"common.loading" | "common.save" | "common.cancel" | "common.delete" | "common.edit" | "common.close" | "common.error" | "hqSidebar.analytics" | "hqSidebar.collapseHq" | ... 125 more ... | "settingsPanel.sources.presence"'.
src/features/agents/components/inspect/AgentSettingsPanel.tsx(651,56): error TS2345: Argument of type '"agentSettings.cron.title"' is not assignable to parameter of type '"common.loading" | "common.save" | "common.cancel" | "common.delete" | "common.edit" | "common.close" | "common.error" | "hqSidebar.analytics" | "hqSidebar.collapseHq" | ... 125 more ... | "settingsPanel.sources.presence"'.
src/features/agents/components/inspect/AgentSettingsPanel.tsx(658,22): error TS2345: Argument of type '"agentSettings.cron.create"' is not assignable to parameter of type '"common.loading" | "common.save" | "common.cancel" | "common.delete" | "common.edit" | "common.close" | "common.error" | "hqSidebar.analytics" | "hqSidebar.collapseHq" | ... 125 more ... | "settingsPanel.sources.presence"'.
src/features/agents/components/inspect/AgentSettingsPanel.tsx(663,74): error TS2345: Argument of type '"agentSettings.cron.loading"' is not assignable to parameter of type '"common.loading" | "common.save" | "common.cancel" | "common.delete" | "common.edit" | "common.close" | "common.error" | "hqSidebar.analytics" | "hqSidebar.collapseHq" | ... 125 more ... | "settingsPanel.sources.presence"'.
src/features/agents/components/inspect/AgentSettingsPanel.tsx(678,22): error TS2345: Argument of type '"agentSettings.cron.noAutomations"' is not assignable to parameter of type '"common.loading" | "common.save" | "common.cancel" | "common.delete" | "common.edit" | "common.close" | "common.error" | "hqSidebar.analytics" | "hqSidebar.collapseHq" | ... 125 more ... | "settingsPanel.sources.presence"'.
src/features/agents/components/inspect/AgentSettingsPanel.tsx(685,22): error TS2345: Argument of type '"agentSettings.cron.create"' is not assignable to parameter of type '"common.loading" | "common.save" | "common.cancel" | "common.delete" | "common.edit" | "common.close" | "common.error" | "hqSidebar.analytics" | "hqSidebar.collapseHq" | ... 125 more ... | "settingsPanel.sources.presence"'.
src/features/agents/components/inspect/AgentSettingsPanel.tsx(714,34): error TS2345: Argument of type '"agentSettings.cron.disabled"' is not assignable to parameter of type '"common.loading" | "common.save" | "common.cancel" | "common.delete" | "common.edit" | "common.close" | "common.error" | "hqSidebar.analytics" | "hqSidebar.collapseHq" | ... 125 more ... | "settingsPanel.sources.presence"'.
src/features/agents/components/inspect/AgentSettingsPanel.tsx(720,32): error TS2345: Argument of type '"agentSettings.cron.frequency"' is not assignable to parameter of type '"common.loading" | "common.save" | "common.cancel" | "common.delete" | "common.edit" | "common.close" | "common.error" | "hqSidebar.analytics" | "hqSidebar.collapseHq" | ... 125 more ... | "settingsPanel.sources.presence"'.
src/features/agents/components/inspect/AgentSettingsPanel.tsx(733,36): error TS2345: Argument of type '"agentSettings.cron.task"' is not assignable to parameter of type '"common.loading" | "common.save" | "common.cancel" | "common.delete" | "common.edit" | "common.close" | "common.error" | "hqSidebar.analytics" | "hqSidebar.collapseHq" | ... 125 more ... | "settingsPanel.sources.presence"'.
src/features/agents/components/inspect/AgentSettingsPanel.tsx(751,49): error TS2345: Argument of type '"agentSettings.cron.less"' is not assignable to parameter of type '"common.loading" | "common.save" | "common.cancel" | "common.delete" | "common.edit" | "common.close" | "common.error" | "hqSidebar.analytics" | "hqSidebar.collapseHq" | ... 125 more ... | "settingsPanel.sources.presence"'.
src/features/agents/components/inspect/AgentSettingsPanel.tsx(751,80): error TS2345: Argument of type '"agentSettings.cron.more"' is not assignable to parameter of type '"common.loading" | "common.save" | "common.cancel" | "common.delete" | "common.edit" | "common.close" | "common.error" | "hqSidebar.analytics" | "hqSidebar.collapseHq" | ... 125 more ... | "settingsPanel.sources.presence"'.
src/features/agents/components/inspect/AgentSettingsPanel.tsx(791,56): error TS2345: Argument of type '"agentSettings.cron.heartbeatsTitle"' is not assignable to parameter of type '"common.loading" | "common.save" | "common.cancel" | "common.delete" | "common.edit" | "common.close" | "common.error" | "hqSidebar.analytics" | "hqSidebar.collapseHq" | ... 125 more ... | "settingsPanel.sources.presence"'.
src/features/agents/components/inspect/AgentSettingsPanel.tsx(793,20): error TS2345: Argument of type '"agentSettings.cron.heartbeatsComingSoon"' is not assignable to parameter of type '"common.loading" | "common.save" | "common.cancel" | "common.delete" | "common.edit" | "common.close" | "common.error" | "hqSidebar.analytics" | "hqSidebar.collapseHq" | ... 125 more ... | "settingsPanel.sources.presence"'.
src/features/agents/components/inspect/AgentSettingsPanel.tsx(802,71): error TS2345: Argument of type '"agentSettings.advanced.dangerZone"' is not assignable to parameter of type '"common.loading" | "common.save" | "common.cancel" | "common.delete" | "common.edit" | "common.close" | "common.error" | "hqSidebar.analytics" | "hqSidebar.collapseHq" | ... 125 more ... | "settingsPanel.sources.presence"'.
src/features/agents/components/inspect/AgentSettingsPanel.tsx(808,26): error TS2345: Argument of type '"agentSettings.advanced.warningContext"' is not assignable to parameter of type '"common.loading" | "common.save" | "common.cancel" | "common.delete" | "common.edit" | "common.close" | "common.error" | "hqSidebar.analytics" | "hqSidebar.collapseHq" | ... 125 more ... | "settingsPanel.sources.presence"'.
src/features/agents/components/inspect/AgentSettingsPanel.tsx(820,22): error TS2345: Argument of type '"agentSettings.advanced.openFullControlUi"' is not assignable to parameter of type '"common.loading" | "common.save" | "common.cancel" | "common.delete" | "common.edit" | "common.close" | "common.error" | "hqSidebar.analytics" | "hqSidebar.collapseHq" | ... 125 more ... | "settingsPanel.sources.presence"'.
src/features/agents/components/inspect/AgentSettingsPanel.tsx(830,24): error TS2345: Argument of type '"agentSettings.advanced.openFullControlUi"' is not assignable to parameter of type '"common.loading" | "common.save" | "common.cancel" | "common.delete" | "common.edit" | "common.close" | "common.error" | "hqSidebar.analytics" | "hqSidebar.collapseHq" | ... 125 more ... | "settingsPanel.sources.presence"'.
src/features/agents/components/inspect/AgentSettingsPanel.tsx(833,24): error TS2345: Argument of type '"agentSettings.advanced.linkUnavailable"' is not assignable to parameter of type '"common.loading" | "common.save" | "common.cancel" | "common.delete" | "common.edit" | "common.close" | "common.error" | "hqSidebar.analytics" | "hqSidebar.collapseHq" | ... 125 more ... | "settingsPanel.sources.presence"'.
src/features/agents/components/inspect/AgentSettingsPanel.tsx(842,22): error TS2345: Argument of type '"agentSettings.advanced.deleteAgentDesc"' is not assignable to parameter of type '"common.loading" | "common.save" | "common.cancel" | "common.delete" | "common.edit" | "common.close" | "common.error" | "hqSidebar.analytics" | "hqSidebar.collapseHq" | ... 125 more ... | "settingsPanel.sources.presence"'.
src/features/agents/components/inspect/AgentSettingsPanel.tsx(849,22): error TS2345: Argument of type '"agentSettings.advanced.deleteAgentBtn"' is not assignable to parameter of type '"common.loading" | "common.save" | "common.cancel" | "common.delete" | "common.edit" | "common.close" | "common.error" | "hqSidebar.analytics" | "hqSidebar.collapseHq" | ... 125 more ... | "settingsPanel.sources.presence"'.
src/features/agents/components/inspect/AgentSettingsPanel.tsx(854,58): error TS2345: Argument of type '"agentSettings.advanced.systemAgentTitle"' is not assignable to parameter of type '"common.loading" | "common.save" | "common.cancel" | "common.delete" | "common.edit" | "common.close" | "common.error" | "hqSidebar.analytics" | "hqSidebar.collapseHq" | ... 125 more ... | "settingsPanel.sources.presence"'.
src/features/agents/components/inspect/AgentSettingsPanel.tsx(856,22): error TS2345: Argument of type '"agentSettings.advanced.systemAgentDesc"' is not assignable to parameter of type '"common.loading" | "common.save" | "common.cancel" | "common.delete" | "common.edit" | "common.close" | "common.error" | "hqSidebar.analytics" | "hqSidebar.collapseHq" | ... 125 more ... | "settingsPanel.sources.presence"'.
src/features/agents/components/inspect/AgentSettingsPanel.tsx(879,22): error TS2345: Argument of type '"agentSettings.cronComposer.title"' is not assignable to parameter of type '"common.loading" | "common.save" | "common.cancel" | "common.delete" | "common.edit" | "common.close" | "common.error" | "hqSidebar.analytics" | "hqSidebar.collapseHq" | ... 125 more ... | "settingsPanel.sources.presence"'.
src/features/agents/components/inspect/AgentSettingsPanel.tsx(890,20): error TS2345: Argument of type '"agentSettings.cronComposer.close"' is not assignable to parameter of type '"common.loading" | "common.save" | "common.cancel" | "common.delete" | "common.edit" | "common.close" | "common.error" | "hqSidebar.analytics" | "hqSidebar.collapseHq" | ... 125 more ... | "settingsPanel.sources.presence"'.
src/features/agents/components/inspect/AgentSettingsPanel.tsx(902,24): error TS2345: Argument of type '"agentSettings.cronComposer.step1Desc"' is not assignable to parameter of type '"common.loading" | "common.save" | "common.cancel" | "common.delete" | "common.edit" | "common.close" | "common.error" | "hqSidebar.analytics" | "hqSidebar.collapseHq" | ... 125 more ... | "settingsPanel.sources.presence"'.
src/features/agents/components/inspect/AgentSettingsPanel.tsx(936,24): error TS2345: Argument of type '"agentSettings.cronComposer.step2Desc"' is not assignable to parameter of type '"common.loading" | "common.save" | "common.cancel" | "common.delete" | "common.edit" | "common.close" | "common.error" | "hqSidebar.analytics" | "hqSidebar.collapseHq" | ... 125 more ... | "settingsPanel.sources.presence"'.
src/features/agents/components/inspect/AgentSettingsPanel.tsx(940,26): error TS2345: Argument of type '"agentSettings.cronComposer.automationName"' is not assignable to parameter of type '"common.loading" | "common.save" | "common.cancel" | "common.delete" | "common.edit" | "common.close" | "common.error" | "hqSidebar.analytics" | "hqSidebar.collapseHq" | ... 125 more ... | "settingsPanel.sources.presence"'.
src/features/agents/components/inspect/AgentSettingsPanel.tsx(943,37): error TS2345: Argument of type '"agentSettings.cronComposer.automationName"' is not assignable to parameter of type '"common.loading" | "common.save" | "common.cancel" | "common.delete" | "common.edit" | "common.close" | "common.error" | "hqSidebar.analytics" | "hqSidebar.collapseHq" | ... 125 more ... | "settingsPanel.sources.presence"'.
src/features/agents/components/inspect/AgentSettingsPanel.tsx(951,26): error TS2345: Argument of type '"agentSettings.cronComposer.task"' is not assignable to parameter of type '"common.loading" | "common.save" | "common.cancel" | "common.delete" | "common.edit" | "common.close" | "common.error" | "hqSidebar.analytics" | "hqSidebar.collapseHq" | ... 125 more ... | "settingsPanel.sources.presence"'.
src/features/agents/components/inspect/AgentSettingsPanel.tsx(954,37): error TS2345: Argument of type '"agentSettings.cronComposer.task"' is not assignable to parameter of type '"common.loading" | "common.save" | "common.cancel" | "common.delete" | "common.edit" | "common.close" | "common.error" | "hqSidebar.analytics" | "hqSidebar.collapseHq" | ... 125 more ... | "settingsPanel.sources.presence"'.
src/features/agents/components/inspect/AgentSettingsPanel.tsx(964,69): error TS2345: Argument of type '"agentSettings.cronComposer.step3Desc"' is not assignable to parameter of type '"common.loading" | "common.save" | "common.cancel" | "common.delete" | "common.edit" | "common.close" | "common.error" | "hqSidebar.analytics" | "hqSidebar.collapseHq" | ... 125 more ... | "settingsPanel.sources.presence"'.
src/features/agents/components/inspect/AgentSettingsPanel.tsx(967,26): error TS2345: Argument of type '"agentSettings.cronComposer.scheduleType"' is not assignable to parameter of type '"common.loading" | "common.save" | "common.cancel" | "common.delete" | "common.edit" | "common.close" | "common.error" | "hqSidebar.analytics" | "hqSidebar.collapseHq" | ... 125 more ... | "settingsPanel.sources.presence"'.
src/features/agents/components/inspect/AgentSettingsPanel.tsx(978,48): error TS2345: Argument of type '"agentSettings.cronComposer.every"' is not assignable to parameter of type '"common.loading" | "common.save" | "common.cancel" | "common.delete" | "common.edit" | "common.close" | "common.error" | "hqSidebar.analytics" | "hqSidebar.collapseHq" | ... 125 more ... | "settingsPanel.sources.presence"'.
src/features/agents/components/inspect/AgentSettingsPanel.tsx(979,45): error TS2345: Argument of type '"agentSettings.cronComposer.oneTime"' is not assignable to parameter of type '"common.loading" | "common.save" | "common.cancel" | "common.delete" | "common.edit" | "common.close" | "common.error" | "hqSidebar.analytics" | "hqSidebar.collapseHq" | ... 125 more ... | "settingsPanel.sources.presence"'.
src/features/agents/components/inspect/AgentSettingsPanel.tsx(986,30): error TS2345: Argument of type '"agentSettings.cronComposer.every"' is not assignable to parameter of type '"common.loading" | "common.save" | "common.cancel" | "common.delete" | "common.edit" | "common.close" | "common.error" | "hqSidebar.analytics" | "hqSidebar.collapseHq" | ... 125 more ... | "settingsPanel.sources.presence"'.
src/features/agents/components/inspect/AgentSettingsPanel.tsx(1003,30): error TS2345: Argument of type '"agentSettings.cronComposer.unit"' is not assignable to parameter of type '"common.loading" | "common.save" | "common.cancel" | "common.delete" | "common.edit" | "common.close" | "common.error" | "hqSidebar.analytics" | "hqSidebar.collapseHq" | ... 125 more ... | "settingsPanel.sources.presence"'.
src/features/agents/components/inspect/AgentSettingsPanel.tsx(1014,54): error TS2345: Argument of type '"agentSettings.cronComposer.minutes"' is not assignable to parameter of type '"common.loading" | "common.save" | "common.cancel" | "common.delete" | "common.edit" | "common.close" | "common.error" | "hqSidebar.analytics" | "hqSidebar.collapseHq" | ... 125 more ... | "settingsPanel.sources.presence"'.
src/features/agents/components/inspect/AgentSettingsPanel.tsx(1015,52): error TS2345: Argument of type '"agentSettings.cronComposer.hours"' is not assignable to parameter of type '"common.loading" | "common.save" | "common.cancel" | "common.delete" | "common.edit" | "common.close" | "common.error" | "hqSidebar.analytics" | "hqSidebar.collapseHq" | ... 125 more ... | "settingsPanel.sources.presence"'.
src/features/agents/components/inspect/AgentSettingsPanel.tsx(1016,51): error TS2345: Argument of type '"agentSettings.cronComposer.days"' is not assignable to parameter of type '"common.loading" | "common.save" | "common.cancel" | "common.delete" | "common.edit" | "common.close" | "common.error" | "hqSidebar.analytics" | "hqSidebar.collapseHq" | ... 125 more ... | "settingsPanel.sources.presence"'.
src/features/agents/components/inspect/AgentSettingsPanel.tsx(1023,34): error TS2345: Argument of type '"agentSettings.cronComposer.timeOfDay"' is not assignable to parameter of type '"common.loading" | "common.save" | "common.cancel" | "common.delete" | "common.edit" | "common.close" | "common.error" | "hqSidebar.analytics" | "hqSidebar.collapseHq" | ... 125 more ... | "settingsPanel.sources.presence"'.
src/features/agents/components/inspect/AgentSettingsPanel.tsx(1034,34): error TS2345: Argument of type '"agentSettings.cronComposer.timezone"' is not assignable to parameter of type '"common.loading" | "common.save" | "common.cancel" | "common.delete" | "common.edit" | "common.close" | "common.error" | "hqSidebar.analytics" | "hqSidebar.collapseHq" | ... 125 more ... | "settingsPanel.sources.presence"'.
src/features/agents/components/inspect/AgentSettingsPanel.tsx(1051,28): error TS2345: Argument of type '"agentSettings.cronComposer.runAt"' is not assignable to parameter of type '"common.loading" | "common.save" | "common.cancel" | "common.delete" | "common.edit" | "common.close" | "common.error" | "hqSidebar.analytics" | "hqSidebar.collapseHq" | ... 125 more ... | "settingsPanel.sources.presence"'.
src/features/agents/components/inspect/AgentSettingsPanel.tsx(1065,27): error TS2345: Argument of type '"agentSettings.cronComposer.step4Desc"' is not assignable to parameter of type '"common.loading" | "common.save" | "common.cancel" | "common.delete" | "common.edit" | "common.close" | "common.error" | "hqSidebar.analytics" | "hqSidebar.collapseHq" | ... 125 more ... | "settingsPanel.sources.presence"'.
src/features/agents/components/inspect/AgentSettingsPanel.tsx(1068,44): error TS2345: Argument of type '"agentSettings.cronComposer.untitled"' is not assignable to parameter of type '"common.loading" | "common.save" | "common.cancel" | "common.delete" | "common.edit" | "common.close" | "common.error" | "hqSidebar.analytics" | "hqSidebar.collapseHq" | ... 125 more ... | "settingsPanel.sources.presence"'.
src/features/agents/components/inspect/AgentSettingsPanel.tsx(1071,48): error TS2345: Argument of type '"agentSettings.cronComposer.noTask"' is not assignable to parameter of type '"common.loading" | "common.save" | "common.cancel" | "common.delete" | "common.edit" | "common.close" | "common.error" | "hqSidebar.analytics" | "hqSidebar.collapseHq" | ... 125 more ... | "settingsPanel.sources.presence"'.
src/features/agents/components/inspect/AgentSettingsPanel.tsx(1074,26): error TS2345: Argument of type '"agentSettings.cronComposer.schedule"' is not assignable to parameter of type '"common.loading" | "common.save" | "common.cancel" | "common.delete" | "common.edit" | "common.close" | "common.error" | "hqSidebar.analytics" | "hqSidebar.collapseHq" | ... 125 more ... | "settingsPanel.sources.presence"'.
src/features/agents/components/inspect/AgentSettingsPanel.tsx(1089,58): error TS2345: Argument of type '"agentSettings.cronComposer.stepOf"' is not assignable to parameter of type '"common.loading" | "common.save" | "common.cancel" | "common.delete" | "common.edit" | "common.close" | "common.error" | "hqSidebar.analytics" | "hqSidebar.collapseHq" | ... 125 more ... | "settingsPanel.sources.presence"'.
src/features/agents/components/inspect/AgentSettingsPanel.tsx(1098,22): error TS2345: Argument of type '"agentSettings.cronComposer.back"' is not assignable to parameter of type '"common.loading" | "common.save" | "common.cancel" | "common.delete" | "common.edit" | "common.close" | "common.error" | "hqSidebar.analytics" | "hqSidebar.collapseHq" | ... 125 more ... | "settingsPanel.sources.presence"'.
src/features/agents/components/inspect/AgentSettingsPanel.tsx(1111,24): error TS2345: Argument of type '"agentSettings.cronComposer.next"' is not assignable to parameter of type '"common.loading" | "common.save" | "common.cancel" | "common.delete" | "common.edit" | "common.close" | "common.error" | "hqSidebar.analytics" | "hqSidebar.collapseHq" | ... 125 more ... | "settingsPanel.sources.presence"'.
src/features/agents/components/inspect/AgentSettingsPanel.tsx(1123,24): error TS2345: Argument of type '"agentSettings.cronComposer.create"' is not assignable to parameter of type '"common.loading" | "common.save" | "common.cancel" | "common.delete" | "common.edit" | "common.close" | "common.error" | "hqSidebar.analytics" | "hqSidebar.collapseHq" | ... 125 more ... | "settingsPanel.sources.presence"'.
src/features/office/components/panels/AnalyticsPanel.tsx(167,14): error TS2345: Argument of type '"analytics.title"' is not assignable to parameter of type '"common.loading" | "common.save" | "common.cancel" | "common.delete" | "common.edit" | "common.close" | "common.error" | "hqSidebar.analytics" | "hqSidebar.collapseHq" | ... 125 more ... | "settingsPanel.sources.presence"'.
src/features/office/components/panels/AnalyticsPanel.tsx(170,14): error TS2345: Argument of type '"analytics.description"' is not assignable to parameter of type '"common.loading" | "common.save" | "common.cancel" | "common.delete" | "common.edit" | "common.close" | "common.error" | "hqSidebar.analytics" | "hqSidebar.collapseHq" | ... 125 more ... | "settingsPanel.sources.presence"'.
src/features/office/components/panels/AnalyticsPanel.tsx(176,37): error TS2345: Argument of type '"analytics.start"' is not assignable to parameter of type '"common.loading" | "common.save" | "common.cancel" | "common.delete" | "common.edit" | "common.close" | "common.error" | "hqSidebar.analytics" | "hqSidebar.collapseHq" | ... 125 more ... | "settingsPanel.sources.presence"'.
src/features/office/components/panels/AnalyticsPanel.tsx(177,37): error TS2345: Argument of type '"analytics.end"' is not assignable to parameter of type '"common.loading" | "common.save" | "common.cancel" | "common.delete" | "common.edit" | "common.close" | "common.error" | "hqSidebar.analytics" | "hqSidebar.collapseHq" | ... 125 more ... | "settingsPanel.sources.presence"'.
src/features/office/components/panels/AnalyticsPanel.tsx(183,22): error TS2345: Argument of type '"analytics.lastRefresh"' is not assignable to parameter of type '"common.loading" | "common.save" | "common.cancel" | "common.delete" | "common.edit" | "common.close" | "common.error" | "hqSidebar.analytics" | "hqSidebar.collapseHq" | ... 125 more ... | "settingsPanel.sources.presence"'.
src/features/office/components/panels/AnalyticsPanel.tsx(184,19): error TS2345: Argument of type '"analytics.noSnapshot"' is not assignable to parameter of type '"common.loading" | "common.save" | "common.cancel" | "common.delete" | "common.edit" | "common.close" | "common.error" | "hqSidebar.analytics" | "hqSidebar.collapseHq" | ... 125 more ... | "settingsPanel.sources.presence"'.
src/features/office/components/panels/AnalyticsPanel.tsx(191,16): error TS2345: Argument of type '"analytics.refresh"' is not assignable to parameter of type '"common.loading" | "common.save" | "common.cancel" | "common.delete" | "common.edit" | "common.close" | "common.error" | "hqSidebar.analytics" | "hqSidebar.collapseHq" | ... 125 more ... | "settingsPanel.sources.presence"'.
src/features/office/components/panels/AnalyticsPanel.tsx(211,16): error TS2345: Argument of type '"analytics.budgetThreshold"' is not assignable to parameter of type '"common.loading" | "common.save" | "common.cancel" | "common.delete" | "common.edit" | "common.close" | "common.error" | "hqSidebar.analytics" | "hqSidebar.collapseHq" | ... 125 more ... | "settingsPanel.sources.presence"'.
src/features/office/components/panels/AnalyticsPanel.tsx(217,22): error TS2345: Argument of type '"analytics.totals.spendLabel"' is not assignable to parameter of type '"common.loading" | "common.save" | "common.cancel" | "common.delete" | "common.edit" | "common.close" | "common.error" | "hqSidebar.analytics" | "hqSidebar.collapseHq" | ... 125 more ... | "settingsPanel.sources.presence"'.
src/features/office/components/panels/AnalyticsPanel.tsx(219,21): error TS2345: Argument of type '"analytics.totals.spendHint"' is not assignable to parameter of type '"common.loading" | "common.save" | "common.cancel" | "common.delete" | "common.edit" | "common.close" | "common.error" | "hqSidebar.analytics" | "hqSidebar.collapseHq" | ... 125 more ... | "settingsPanel.sources.presence"'.
src/features/office/components/panels/AnalyticsPanel.tsx(222,22): error TS2345: Argument of type '"analytics.totals.tokensLabel"' is not assignable to parameter of type '"common.loading" | "common.save" | "common.cancel" | "common.delete" | "common.edit" | "common.close" | "common.error" | "hqSidebar.analytics" | "hqSidebar.collapseHq" | ... 125 more ... | "settingsPanel.sources.presence"'.
src/features/office/components/panels/AnalyticsPanel.tsx(224,21): error TS2345: Argument of type '"analytics.totals.tokensHint"' is not assignable to parameter of type '"common.loading" | "common.save" | "common.cancel" | "common.delete" | "common.edit" | "common.close" | "common.error" | "hqSidebar.analytics" | "hqSidebar.collapseHq" | ... 125 more ... | "settingsPanel.sources.presence"'.
src/features/office/components/panels/AnalyticsPanel.tsx(227,22): error TS2345: Argument of type '"analytics.totals.successRateLabel"' is not assignable to parameter of type '"common.loading" | "common.save" | "common.cancel" | "common.delete" | "common.edit" | "common.close" | "common.error" | "hqSidebar.analytics" | "hqSidebar.collapseHq" | ... 125 more ... | "settingsPanel.sources.presence"'.
src/features/office/components/panels/AnalyticsPanel.tsx(229,21): error TS2345: Argument of type '"analytics.totals.successRateHint"' is not assignable to parameter of type '"common.loading" | "common.save" | "common.cancel" | "common.delete" | "common.edit" | "common.close" | "common.error" | "hqSidebar.analytics" | "hqSidebar.collapseHq" | ... 125 more ... | "settingsPanel.sources.presence"'.
src/features/office/components/panels/AnalyticsPanel.tsx(232,22): error TS2345: Argument of type '"analytics.totals.runtimeLabel"' is not assignable to parameter of type '"common.loading" | "common.save" | "common.cancel" | "common.delete" | "common.edit" | "common.close" | "common.error" | "hqSidebar.analytics" | "hqSidebar.collapseHq" | ... 125 more ... | "settingsPanel.sources.presence"'.
src/features/office/components/panels/AnalyticsPanel.tsx(234,21): error TS2345: Argument of type '"analytics.totals.runtimeHint"' is not assignable to parameter of type '"common.loading" | "common.save" | "common.cancel" | "common.delete" | "common.edit" | "common.close" | "common.error" | "hqSidebar.analytics" | "hqSidebar.collapseHq" | ... 125 more ... | "settingsPanel.sources.presence"'.
src/features/office/components/panels/AnalyticsPanel.tsx(240,16): error TS2345: Argument of type '"analytics.budgetLimits"' is not assignable to parameter of type '"common.loading" | "common.save" | "common.cancel" | "common.delete" | "common.edit" | "common.close" | "common.error" | "hqSidebar.analytics" | "hqSidebar.collapseHq" | ... 125 more ... | "settingsPanel.sources.presence"'.
src/features/office/components/panels/AnalyticsPanel.tsx(244,72): error TS2345: Argument of type '"analytics.dailyUsd"' is not assignable to parameter of type '"common.loading" | "common.save" | "common.cancel" | "common.delete" | "common.edit" | "common.close" | "common.error" | "hqSidebar.analytics" | "hqSidebar.collapseHq" | ... 125 more ... | "settingsPanel.sources.presence"'.
src/features/office/components/panels/AnalyticsPanel.tsx(250,32): error TS2345: Argument of type '"analytics.noLimit"' is not assignable to parameter of type '"common.loading" | "common.save" | "common.cancel" | "common.delete" | "common.edit" | "common.close" | "common.error" | "hqSidebar.analytics" | "hqSidebar.collapseHq" | ... 125 more ... | "settingsPanel.sources.presence"'.
src/features/office/components/panels/AnalyticsPanel.tsx(256,72): error TS2345: Argument of type '"analytics.monthlyUsd"' is not assignable to parameter of type '"common.loading" | "common.save" | "common.cancel" | "common.delete" | "common.edit" | "common.close" | "common.error" | "hqSidebar.analytics" | "hqSidebar.collapseHq" | ... 125 more ... | "settingsPanel.sources.presence"'.
src/features/office/components/panels/AnalyticsPanel.tsx(262,32): error TS2345: Argument of type '"analytics.noLimit"' is not assignable to parameter of type '"common.loading" | "common.save" | "common.cancel" | "common.delete" | "common.edit" | "common.close" | "common.error" | "hqSidebar.analytics" | "hqSidebar.collapseHq" | ... 125 more ... | "settingsPanel.sources.presence"'.
src/features/office/components/panels/AnalyticsPanel.tsx(268,72): error TS2345: Argument of type '"analytics.perAgentUsd"' is not assignable to parameter of type '"common.loading" | "common.save" | "common.cancel" | "common.delete" | "common.edit" | "common.close" | "common.error" | "hqSidebar.analytics" | "hqSidebar.collapseHq" | ... 125 more ... | "settingsPanel.sources.presence"'.
src/features/office/components/panels/AnalyticsPanel.tsx(274,32): error TS2345: Argument of type '"analytics.softLimit"' is not assignable to parameter of type '"common.loading" | "common.save" | "common.cancel" | "common.delete" | "common.edit" | "common.close" | "common.error" | "hqSidebar.analytics" | "hqSidebar.collapseHq" | ... 125 more ... | "settingsPanel.sources.presence"'.
src/features/office/components/panels/AnalyticsPanel.tsx(280,72): error TS2345: Argument of type '"analytics.alertThreshold"' is not assignable to parameter of type '"common.loading" | "common.save" | "common.cancel" | "common.delete" | "common.edit" | "common.close" | "common.error" | "hqSidebar.analytics" | "hqSidebar.collapseHq" | ... 125 more ... | "settingsPanel.sources.presence"'.
src/features/office/components/panels/AnalyticsPanel.tsx(298,16): error TS2345: Argument of type '"analytics.dailyCost"' is not assignable to parameter of type '"common.loading" | "common.save" | "common.cancel" | "common.delete" | "common.edit" | "common.close" | "common.error" | "hqSidebar.analytics" | "hqSidebar.collapseHq" | ... 125 more ... | "settingsPanel.sources.presence"'.
src/features/office/components/panels/AnalyticsPanel.tsx(301,74): error TS2345: Argument of type '"analytics.loading"' is not assignable to parameter of type '"common.loading" | "common.save" | "common.cancel" | "common.delete" | "common.edit" | "common.close" | "common.error" | "hqSidebar.analytics" | "hqSidebar.collapseHq" | ... 125 more ... | "settingsPanel.sources.presence"'.
src/features/office/components/panels/AnalyticsPanel.tsx(304,18): error TS2345: Argument of type '"analytics.noData"' is not assignable to parameter of type '"common.loading" | "common.save" | "common.cancel" | "common.delete" | "common.edit" | "common.close" | "common.error" | "hqSidebar.analytics" | "hqSidebar.collapseHq" | ... 125 more ... | "settingsPanel.sources.presence"'.
src/features/office/components/panels/AnalyticsPanel.tsx(333,18): error TS2345: Argument of type '"analytics.costBreakdown"' is not assignable to parameter of type '"common.loading" | "common.save" | "common.cancel" | "common.delete" | "common.edit" | "common.close" | "common.error" | "hqSidebar.analytics" | "hqSidebar.collapseHq" | ... 125 more ... | "settingsPanel.sources.presence"'.
src/features/office/components/panels/AnalyticsPanel.tsx(336,23): error TS2345: Argument of type '"analytics.input"' is not assignable to parameter of type '"common.loading" | "common.save" | "common.cancel" | "common.delete" | "common.edit" | "common.close" | "common.error" | "hqSidebar.analytics" | "hqSidebar.collapseHq" | ... 125 more ... | "settingsPanel.sources.presence"'.
src/features/office/components/panels/AnalyticsPanel.tsx(337,23): error TS2345: Argument of type '"analytics.output"' is not assignable to parameter of type '"common.loading" | "common.save" | "common.cancel" | "common.delete" | "common.edit" | "common.close" | "common.error" | "hqSidebar.analytics" | "hqSidebar.collapseHq" | ... 125 more ... | "settingsPanel.sources.presence"'.
src/features/office/components/panels/AnalyticsPanel.tsx(338,23): error TS2345: Argument of type '"analytics.cacheRead"' is not assignable to parameter of type '"common.loading" | "common.save" | "common.cancel" | "common.delete" | "common.edit" | "common.close" | "common.error" | "hqSidebar.analytics" | "hqSidebar.collapseHq" | ... 125 more ... | "settingsPanel.sources.presence"'.
src/features/office/components/panels/AnalyticsPanel.tsx(339,23): error TS2345: Argument of type '"analytics.cacheWrite"' is not assignable to parameter of type '"common.loading" | "common.save" | "common.cancel" | "common.delete" | "common.edit" | "common.close" | "common.error" | "hqSidebar.analytics" | "hqSidebar.collapseHq" | ... 125 more ... | "settingsPanel.sources.presence"'.
src/features/office/components/panels/AnalyticsPanel.tsx(346,16): error TS2345: Argument of type '"analytics.topAgents"' is not assignable to parameter of type '"common.loading" | "common.save" | "common.cancel" | "common.delete" | "common.edit" | "common.close" | "common.error" | "hqSidebar.analytics" | "hqSidebar.collapseHq" | ... 125 more ... | "settingsPanel.sources.presence"'.
src/features/office/components/panels/AnalyticsPanel.tsx(363,71): error TS2345: Argument of type '"analytics.noData"' is not assignable to parameter of type '"common.loading" | "common.save" | "common.cancel" | "common.delete" | "common.edit" | "common.close" | "common.error" | "hqSidebar.analytics" | "hqSidebar.collapseHq" | ... 125 more ... | "settingsPanel.sources.presence"'.
src/features/office/components/panels/AnalyticsPanel.tsx(370,16): error TS2345: Argument of type '"analytics.modelBreakdown"' is not assignable to parameter of type '"common.loading" | "common.save" | "common.cancel" | "common.delete" | "common.edit" | "common.close" | "common.error" | "hqSidebar.analytics" | "hqSidebar.collapseHq" | ... 125 more ... | "settingsPanel.sources.presence"'.
src/features/office/components/panels/AnalyticsPanel.tsx(387,71): error TS2345: Argument of type '"analytics.noData"' is not assignable to parameter of type '"common.loading" | "common.save" | "common.cancel" | "common.delete" | "common.edit" | "common.close" | "common.error" | "hqSidebar.analytics" | "hqSidebar.collapseHq" | ... 125 more ... | "settingsPanel.sources.presence"'.
src/features/office/components/panels/AnalyticsPanel.tsx(394,16): error TS2345: Argument of type '"analytics.performance.title"' is not assignable to parameter of type '"common.loading" | "common.save" | "common.cancel" | "common.delete" | "common.edit" | "common.close" | "common.error" | "hqSidebar.analytics" | "hqSidebar.collapseHq" | ... 125 more ... | "settingsPanel.sources.presence"'.
src/features/office/components/panels/AnalyticsPanel.tsx(398,24): error TS2345: Argument of type '"analytics.performance.approvalsLabel"' is not assignable to parameter of type '"common.loading" | "common.save" | "common.cancel" | "common.delete" | "common.edit" | "common.close" | "common.error" | "hqSidebar.analytics" | "hqSidebar.collapseHq" | ... 125 more ... | "settingsPanel.sources.presence"'.
src/features/office/components/panels/AnalyticsPanel.tsx(400,23): error TS2345: Argument of type '"analytics.performance.approvalsHint"' is not assignable to parameter of type '"common.loading" | "common.save" | "common.cancel" | "common.delete" | "common.edit" | "common.close" | "common.error" | "hqSidebar.analytics" | "hqSidebar.collapseHq" | ... 125 more ... | "settingsPanel.sources.presence"'.
src/features/office/components/panels/AnalyticsPanel.tsx(403,24): error TS2345: Argument of type '"analytics.performance.interventionLabel"' is not assignable to parameter of type '"common.loading" | "common.save" | "common.cancel" | "common.delete" | "common.edit" | "common.close" | "common.error" | "hqSidebar.analytics" | "hqSidebar.collapseHq" | ... 125 more ... | "settingsPanel.sources.presence"'.
src/features/office/components/panels/AnalyticsPanel.tsx(405,23): error TS2345: Argument of type '"analytics.performance.interventionHint"' is not assignable to parameter of type '"common.loading" | "common.save" | "common.cancel" | "common.delete" | "common.edit" | "common.close" | "common.error" | "hqSidebar.analytics" | "hqSidebar.collapseHq" | ... 125 more ... | "settingsPanel.sources.presence"'.
src/features/office/components/panels/AnalyticsPanel.tsx(408,24): error TS2345: Argument of type '"analytics.performance.toolCallsLabel"' is not assignable to parameter of type '"common.loading" | "common.save" | "common.cancel" | "common.delete" | "common.edit" | "common.close" | "common.error" | "hqSidebar.analytics" | "hqSidebar.collapseHq" | ... 125 more ... | "settingsPanel.sources.presence"'.
src/features/office/components/panels/AnalyticsPanel.tsx(410,23): error TS2345: Argument of type '"analytics.performance.toolCallsHint"' is not assignable to parameter of type '"common.loading" | "common.save" | "common.cancel" | "common.delete" | "common.edit" | "common.close" | "common.error" | "hqSidebar.analytics" | "hqSidebar.collapseHq" | ... 125 more ... | "settingsPanel.sources.presence"'.
src/features/office/components/panels/AnalyticsPanel.tsx(413,24): error TS2345: Argument of type '"analytics.performance.completedRunsLabel"' is not assignable to parameter of type '"common.loading" | "common.save" | "common.cancel" | "common.delete" | "common.edit" | "common.close" | "common.error" | "hqSidebar.analytics" | "hqSidebar.collapseHq" | ... 125 more ... | "settingsPanel.sources.presence"'.
src/features/office/components/panels/AnalyticsPanel.tsx(415,23): error TS2345: Argument of type '"analytics.performance.completedRunsHint"' is not assignable to parameter of type '"common.loading" | "common.save" | "common.cancel" | "common.delete" | "common.edit" | "common.close" | "common.error" | "hqSidebar.analytics" | "hqSidebar.collapseHq" | ... 125 more ... | "settingsPanel.sources.presence"'.
src/features/office/components/panels/AnalyticsPanel.tsx(432,40): error TS2345: Argument of type '"analytics.performance.runs"' is not assignable to parameter of type '"common.loading" | "common.save" | "common.cancel" | "common.delete" | "common.edit" | "common.close" | "common.error" | "hqSidebar.analytics" | "hqSidebar.collapseHq" | ... 125 more ... | "settingsPanel.sources.presence"'.
src/features/office/components/panels/AnalyticsPanel.tsx(436,27): error TS2345: Argument of type '"analytics.performance.success"' is not assignable to parameter of type '"common.loading" | "common.save" | "common.cancel" | "common.delete" | "common.edit" | "common.close" | "common.error" | "hqSidebar.analytics" | "hqSidebar.collapseHq" | ... 125 more ... | "settingsPanel.sources.presence"'.
src/features/office/components/panels/AnalyticsPanel.tsx(437,27): error TS2345: Argument of type '"analytics.performance.avgRuntime"' is not assignable to parameter of type '"common.loading" | "common.save" | "common.cancel" | "common.delete" | "common.edit" | "common.close" | "common.error" | "hqSidebar.analytics" | "hqSidebar.collapseHq" | ... 125 more ... | "settingsPanel.sources.presence"'.
src/features/office/components/panels/AnalyticsPanel.tsx(438,27): error TS2345: Argument of type '"analytics.performance.toolCallsLabel"' is not assignable to parameter of type '"common.loading" | "common.save" | "common.cancel" | "common.delete" | "common.edit" | "common.close" | "common.error" | "hqSidebar.analytics" | "hqSidebar.collapseHq" | ... 125 more ... | "settingsPanel.sources.presence"'.
src/features/office/components/panels/AnalyticsPanel.tsx(439,27): error TS2345: Argument of type '"analytics.performance.approvalsLabel"' is not assignable to parameter of type '"common.loading" | "common.save" | "common.cancel" | "common.delete" | "common.edit" | "common.close" | "common.error" | "hqSidebar.analytics" | "hqSidebar.collapseHq" | ... 125 more ... | "settingsPanel.sources.presence"'.
src/features/office/components/panels/AnalyticsPanel.tsx(445,20): error TS2345: Argument of type '"analytics.performance.noData"' is not assignable to parameter of type '"common.loading" | "common.save" | "common.cancel" | "common.delete" | "common.edit" | "common.close" | "common.error" | "hqSidebar.analytics" | "hqSidebar.collapseHq" | ... 125 more ... | "settingsPanel.sources.presence"'.
src/features/office/components/panels/HistoryPanel.tsx(62,14): error TS2345: Argument of type '"history.title"' is not assignable to parameter of type '"common.loading" | "common.save" | "common.cancel" | "common.delete" | "common.edit" | "common.close" | "common.error" | "hqSidebar.analytics" | "hqSidebar.collapseHq" | ... 125 more ... | "settingsPanel.sources.presence"'.
src/features/office/components/panels/HistoryPanel.tsx(65,14): error TS2345: Argument of type '"history.description"' is not assignable to parameter of type '"common.loading" | "common.save" | "common.cancel" | "common.delete" | "common.edit" | "common.close" | "common.error" | "hqSidebar.analytics" | "hqSidebar.collapseHq" | ... 125 more ... | "settingsPanel.sources.presence"'.
src/features/office/components/panels/HistoryPanel.tsx(72,16): error TS2345: Argument of type '"history.agent"' is not assignable to parameter of type '"common.loading" | "common.save" | "common.cancel" | "common.delete" | "common.edit" | "common.close" | "common.error" | "hqSidebar.analytics" | "hqSidebar.collapseHq" | ... 125 more ... | "settingsPanel.sources.presence"'.
src/features/office/components/panels/HistoryPanel.tsx(79,36): error TS2345: Argument of type '"history.allAgents"' is not assignable to parameter of type '"common.loading" | "common.save" | "common.cancel" | "common.delete" | "common.edit" | "common.close" | "common.error" | "hqSidebar.analytics" | "hqSidebar.collapseHq" | ... 125 more ... | "settingsPanel.sources.presence"'.
src/features/office/components/panels/HistoryPanel.tsx(90,16): error TS2345: Argument of type '"history.trigger"' is not assignable to parameter of type '"common.loading" | "common.save" | "common.cancel" | "common.delete" | "common.edit" | "common.close" | "common.error" | "hqSidebar.analytics" | "hqSidebar.collapseHq" | ... 125 more ... | "settingsPanel.sources.presence"'.
src/features/office/components/panels/HistoryPanel.tsx(97,36): error TS2345: Argument of type '"history.allTriggers"' is not assignable to parameter of type '"common.loading" | "common.save" | "common.cancel" | "common.delete" | "common.edit" | "common.close" | "common.error" | "hqSidebar.analytics" | "hqSidebar.collapseHq" | ... 125 more ... | "settingsPanel.sources.presence"'.
src/features/office/components/panels/HistoryPanel.tsx(98,37): error TS2345: Argument of type '"history.triggers.user"' is not assignable to parameter of type '"common.loading" | "common.save" | "common.cancel" | "common.delete" | "common.edit" | "common.close" | "common.error" | "hqSidebar.analytics" | "hqSidebar.collapseHq" | ... 125 more ... | "settingsPanel.sources.presence"'.
src/features/office/components/panels/HistoryPanel.tsx(99,42): error TS2345: Argument of type '"history.triggers.heartbeat"' is not assignable to parameter of type '"common.loading" | "common.save" | "common.cancel" | "common.delete" | "common.edit" | "common.close" | "common.error" | "hqSidebar.analytics" | "hqSidebar.collapseHq" | ... 125 more ... | "settingsPanel.sources.presence"'.
src/features/office/components/panels/HistoryPanel.tsx(100,37): error TS2345: Argument of type '"history.triggers.cron"' is not assignable to parameter of type '"common.loading" | "common.save" | "common.cancel" | "common.delete" | "common.edit" | "common.close" | "common.error" | "hqSidebar.analytics" | "hqSidebar.collapseHq" | ... 125 more ... | "settingsPanel.sources.presence"'.
src/features/office/components/panels/HistoryPanel.tsx(108,16): error TS2345: Argument of type '"history.noRecords"' is not assignable to parameter of type '"common.loading" | "common.save" | "common.cancel" | "common.delete" | "common.edit" | "common.close" | "common.error" | "hqSidebar.analytics" | "hqSidebar.collapseHq" | ... 125 more ... | "settingsPanel.sources.presence"'.
src/features/office/components/panels/HistoryPanel.tsx(140,29): error TS2345: Argument of type '"history.started"' is not assignable to parameter of type '"common.loading" | "common.save" | "common.cancel" | "common.delete" | "common.edit" | "common.close" | "common.error" | "hqSidebar.analytics" | "hqSidebar.collapseHq" | ... 125 more ... | "settingsPanel.sources.presence"'.
src/features/office/components/panels/HistoryPanel.tsx(144,29): error TS2345: Argument of type '"history.duration"' is not assignable to parameter of type '"common.loading" | "common.save" | "common.cancel" | "common.delete" | "common.edit" | "common.close" | "common.error" | "hqSidebar.analytics" | "hqSidebar.collapseHq" | ... 125 more ... | "settingsPanel.sources.presence"'.
src/features/office/components/panels/HistoryPanel.tsx(150,29): error TS2345: Argument of type '"history.outcome"' is not assignable to parameter of type '"common.loading" | "common.save" | "common.cancel" | "common.delete" | "common.edit" | "common.close" | "common.error" | "hqSidebar.analytics" | "hqSidebar.collapseHq" | ... 125 more ... | "settingsPanel.sources.presence"'.
src/features/office/components/panels/HistoryPanel.tsx(152,38): error TS2345: Argument of type '"history.running"' is not assignable to parameter of type '"common.loading" | "common.save" | "common.cancel" | "common.delete" | "common.edit" | "common.close" | "common.error" | "hqSidebar.analytics" | "hqSidebar.collapseHq" | ... 125 more ... | "settingsPanel.sources.presence"'.
src/features/office/components/panels/HistoryPanel.tsx(152,87): error TS2345: Argument of type '"history.error"' is not assignable to parameter of type '"common.loading" | "common.save" | "common.cancel" | "common.delete" | "common.edit" | "common.close" | "common.error" | "hqSidebar.analytics" | "hqSidebar.collapseHq" | ... 125 more ... | "settingsPanel.sources.presence"'.
src/features/office/components/panels/HistoryPanel.tsx(152,108): error TS2345: Argument of type '"history.completed"' is not assignable to parameter of type '"common.loading" | "common.save" | "common.cancel" | "common.delete" | "common.edit" | "common.close" | "common.error" | "hqSidebar.analytics" | "hqSidebar.collapseHq" | ... 125 more ... | "settingsPanel.sources.presence"'.
src/features/office/components/panels/InboxPanel.tsx(39,14): error TS2345: Argument of type '"inbox.title"' is not assignable to parameter of type '"common.loading" | "common.save" | "common.cancel" | "common.delete" | "common.edit" | "common.close" | "common.error" | "hqSidebar.analytics" | "hqSidebar.collapseHq" | ... 125 more ... | "settingsPanel.sources.presence"'.
src/features/office/components/panels/InboxPanel.tsx(42,14): error TS2345: Argument of type '"inbox.description"' is not assignable to parameter of type '"common.loading" | "common.save" | "common.cancel" | "common.delete" | "common.edit" | "common.close" | "common.error" | "hqSidebar.analytics" | "hqSidebar.collapseHq" | ... 125 more ... | "settingsPanel.sources.presence"'.
src/features/office/components/panels/InboxPanel.tsx(49,16): error TS2345: Argument of type '"inbox.noAgents"' is not assignable to parameter of type '"common.loading" | "common.save" | "common.cancel" | "common.delete" | "common.edit" | "common.close" | "common.error" | "hqSidebar.analytics" | "hqSidebar.collapseHq" | ... 125 more ... | "settingsPanel.sources.presence"'.
src/features/office/components/panels/InboxPanel.tsx(53,62): error TS2345: Argument of type '"inbox.noOutput"' is not assignable to parameter of type '"common.loading" | "common.save" | "common.cancel" | "common.delete" | "common.edit" | "common.close" | "common.error" | "hqSidebar.analytics" | "hqSidebar.collapseHq" | ... 125 more ... | "settingsPanel.sources.presence"'.
src/features/office/components/panels/InboxPanel.tsx(73,26): error TS2345: Argument of type '"inbox.new"' is not assignable to parameter of type '"common.loading" | "common.save" | "common.cancel" | "common.delete" | "common.edit" | "common.close" | "common.error" | "hqSidebar.analytics" | "hqSidebar.collapseHq" | ... 125 more ... | "settingsPanel.sources.presence"'.
src/features/office/components/panels/PlaybooksPanel.tsx(381,18): error TS2345: Argument of type '"playbooks.title"' is not assignable to parameter of type '"common.loading" | "common.save" | "common.cancel" | "common.delete" | "common.edit" | "common.close" | "common.error" | "hqSidebar.analytics" | "hqSidebar.collapseHq" | ... 125 more ... | "settingsPanel.sources.presence"'.
src/features/office/components/panels/PlaybooksPanel.tsx(384,18): error TS2345: Argument of type '"playbooks.description"' is not assignable to parameter of type '"common.loading" | "common.save" | "common.cancel" | "common.delete" | "common.edit" | "common.close" | "common.error" | "hqSidebar.analytics" | "hqSidebar.collapseHq" | ... 125 more ... | "settingsPanel.sources.presence"'.
src/features/office/components/panels/PlaybooksPanel.tsx(392,16): error TS2345: Argument of type '"playbooks.refresh"' is not assignable to parameter of type '"common.loading" | "common.save" | "common.cancel" | "common.delete" | "common.edit" | "common.close" | "common.error" | "hqSidebar.analytics" | "hqSidebar.collapseHq" | ... 125 more ... | "settingsPanel.sources.presence"'.
src/features/office/components/panels/PlaybooksPanel.tsx(404,16): error TS2345: Argument of type '"playbooks.activeJobs"' is not assignable to parameter of type '"common.loading" | "common.save" | "common.cancel" | "common.delete" | "common.edit" | "common.close" | "common.error" | "hqSidebar.analytics" | "hqSidebar.collapseHq" | ... 125 more ... | "settingsPanel.sources.presence"'.
src/features/office/components/panels/PlaybooksPanel.tsx(408,71): error TS2345: Argument of type '"playbooks.loading"' is not assignable to parameter of type '"common.loading" | "common.save" | "common.cancel" | "common.delete" | "common.edit" | "common.close" | "common.error" | "hqSidebar.analytics" | "hqSidebar.collapseHq" | ... 125 more ... | "settingsPanel.sources.presence"'.
src/features/office/components/panels/PlaybooksPanel.tsx(410,71): error TS2345: Argument of type '"playbooks.noJobs"' is not assignable to parameter of type '"common.loading" | "common.save" | "common.cancel" | "common.delete" | "common.edit" | "common.close" | "common.error" | "hqSidebar.analytics" | "hqSidebar.collapseHq" | ... 125 more ... | "settingsPanel.sources.presence"'.
src/features/office/components/panels/PlaybooksPanel.tsx(433,31): error TS2345: Argument of type '"playbooks.nextRun"' is not assignable to parameter of type '"common.loading" | "common.save" | "common.cancel" | "common.delete" | "common.edit" | "common.close" | "common.error" | "hqSidebar.analytics" | "hqSidebar.collapseHq" | ... 125 more ... | "settingsPanel.sources.presence"'.
src/features/office/components/panels/PlaybooksPanel.tsx(434,31): error TS2345: Argument of type '"playbooks.lastRun"' is not assignable to parameter of type '"common.loading" | "common.save" | "common.cancel" | "common.delete" | "common.edit" | "common.close" | "common.error" | "hqSidebar.analytics" | "hqSidebar.collapseHq" | ... 125 more ... | "settingsPanel.sources.presence"'.
src/features/office/components/panels/PlaybooksPanel.tsx(444,54): error TS2345: Argument of type '"playbooks.running"' is not assignable to parameter of type '"common.loading" | "common.save" | "common.cancel" | "common.delete" | "common.edit" | "common.close" | "common.error" | "hqSidebar.analytics" | "hqSidebar.collapseHq" | ... 125 more ... | "settingsPanel.sources.presence"'.
src/features/office/components/panels/PlaybooksPanel.tsx(444,79): error TS2345: Argument of type '"playbooks.runNow"' is not assignable to parameter of type '"common.loading" | "common.save" | "common.cancel" | "common.delete" | "common.edit" | "common.close" | "common.error" | "hqSidebar.analytics" | "hqSidebar.collapseHq" | ... 125 more ... | "settingsPanel.sources.presence"'.
src/features/office/components/panels/PlaybooksPanel.tsx(452,57): error TS2345: Argument of type '"playbooks.deleting"' is not assignable to parameter of type '"common.loading" | "common.save" | "common.cancel" | "common.delete" | "common.edit" | "common.close" | "common.error" | "hqSidebar.analytics" | "hqSidebar.collapseHq" | ... 125 more ... | "settingsPanel.sources.presence"'.
src/features/office/components/panels/PlaybooksPanel.tsx(452,83): error TS2345: Argument of type '"playbooks.delete"' is not assignable to parameter of type '"common.loading" | "common.save" | "common.cancel" | "common.delete" | "common.edit" | "common.close" | "common.error" | "hqSidebar.analytics" | "hqSidebar.collapseHq" | ... 125 more ... | "settingsPanel.sources.presence"'.
src/features/office/components/panels/PlaybooksPanel.tsx(467,22): error TS2345: Argument of type '"playbooks.automatedStandup"' is not assignable to parameter of type '"common.loading" | "common.save" | "common.cancel" | "common.delete" | "common.edit" | "common.close" | "common.error" | "hqSidebar.analytics" | "hqSidebar.collapseHq" | ... 125 more ... | "settingsPanel.sources.presence"'.
src/features/office/components/panels/PlaybooksPanel.tsx(470,22): error TS2345: Argument of type '"playbooks.standupDesc"' is not assignable to parameter of type '"common.loading" | "common.save" | "common.cancel" | "common.delete" | "common.edit" | "common.close" | "common.error" | "hqSidebar.analytics" | "hqSidebar.collapseHq" | ... 125 more ... | "settingsPanel.sources.presence"'.
src/features/office/components/panels/PlaybooksPanel.tsx(478,20): error TS2345: Argument of type '"playbooks.startNow"' is not assignable to parameter of type '"common.loading" | "common.save" | "common.cancel" | "common.delete" | "common.edit" | "common.close" | "common.error" | "hqSidebar.analytics" | "hqSidebar.collapseHq" | ... 125 more ... | "settingsPanel.sources.presence"'.
src/features/office/components/panels/PlaybooksPanel.tsx(489,20): error TS2345: Argument of type '"playbooks.enableScheduled"' is not assignable to parameter of type '"common.loading" | "common.save" | "common.cancel" | "common.delete" | "common.edit" | "common.close" | "common.error" | "hqSidebar.analytics" | "hqSidebar.collapseHq" | ... 125 more ... | "settingsPanel.sources.presence"'.
src/features/office/components/panels/PlaybooksPanel.tsx(494,22): error TS2345: Argument of type '"playbooks.cronExpr"' is not assignable to parameter of type '"common.loading" | "common.save" | "common.cancel" | "common.delete" | "common.edit" | "common.close" | "common.error" | "hqSidebar.analytics" | "hqSidebar.collapseHq" | ... 125 more ... | "settingsPanel.sources.presence"'.
src/features/office/components/panels/PlaybooksPanel.tsx(505,22): error TS2345: Argument of type '"playbooks.timezone"' is not assignable to parameter of type '"common.loading" | "common.save" | "common.cancel" | "common.delete" | "common.edit" | "common.close" | "common.error" | "hqSidebar.analytics" | "hqSidebar.collapseHq" | ... 125 more ... | "settingsPanel.sources.presence"'.
src/features/office/components/panels/PlaybooksPanel.tsx(516,22): error TS2345: Argument of type '"playbooks.secondsPerSpeaker"' is not assignable to parameter of type '"common.loading" | "common.save" | "common.cancel" | "common.delete" | "common.edit" | "common.close" | "common.error" | "hqSidebar.analytics" | "hqSidebar.collapseHq" | ... 125 more ... | "settingsPanel.sources.presence"'.
src/features/office/components/panels/PlaybooksPanel.tsx(531,20): error TS2345: Argument of type '"playbooks.autoOpenBoard"' is not assignable to parameter of type '"common.loading" | "common.save" | "common.cancel" | "common.delete" | "common.edit" | "common.close" | "common.error" | "hqSidebar.analytics" | "hqSidebar.collapseHq" | ... 125 more ... | "settingsPanel.sources.presence"'.
src/features/office/components/panels/PlaybooksPanel.tsx(540,20): error TS2345: Argument of type '"playbooks.enableJira"' is not assignable to parameter of type '"common.loading" | "common.save" | "common.cancel" | "common.delete" | "common.edit" | "common.close" | "common.error" | "hqSidebar.analytics" | "hqSidebar.collapseHq" | ... 125 more ... | "settingsPanel.sources.presence"'.
src/features/office/components/panels/PlaybooksPanel.tsx(545,22): error TS2345: Argument of type '"playbooks.jiraBaseUrl"' is not assignable to parameter of type '"common.loading" | "common.save" | "common.cancel" | "common.delete" | "common.edit" | "common.close" | "common.error" | "hqSidebar.analytics" | "hqSidebar.collapseHq" | ... 125 more ... | "settingsPanel.sources.presence"'.
src/features/office/components/panels/PlaybooksPanel.tsx(557,22): error TS2345: Argument of type '"playbooks.jiraEmail"' is not assignable to parameter of type '"common.loading" | "common.save" | "common.cancel" | "common.delete" | "common.edit" | "common.close" | "common.error" | "hqSidebar.analytics" | "hqSidebar.collapseHq" | ... 125 more ... | "settingsPanel.sources.presence"'.
src/features/office/components/panels/PlaybooksPanel.tsx(568,22): error TS2345: Argument of type '"playbooks.jiraApiToken"' is not assignable to parameter of type '"common.loading" | "common.save" | "common.cancel" | "common.delete" | "common.edit" | "common.close" | "common.error" | "hqSidebar.analytics" | "hqSidebar.collapseHq" | ... 125 more ... | "settingsPanel.sources.presence"'.
src/features/office/components/panels/PlaybooksPanel.tsx(578,48): error TS2345: Argument of type '"playbooks.jiraApiTokenStored"' is not assignable to parameter of type '"common.loading" | "common.save" | "common.cancel" | "common.delete" | "common.edit" | "common.close" | "common.error" | "hqSidebar.analytics" | "hqSidebar.collapseHq" | ... 125 more ... | "settingsPanel.sources.presence"'.
src/features/office/components/panels/PlaybooksPanel.tsx(584,24): error TS2345: Argument of type '"playbooks.jiraApiTokenStored"' is not assignable to parameter of type '"common.loading" | "common.save" | "common.cancel" | "common.delete" | "common.edit" | "common.close" | "common.error" | "hqSidebar.analytics" | "hqSidebar.collapseHq" | ... 125 more ... | "settingsPanel.sources.presence"'.
src/features/office/components/panels/PlaybooksPanel.tsx(591,22): error TS2345: Argument of type '"playbooks.jiraProjectKey"' is not assignable to parameter of type '"common.loading" | "common.save" | "common.cancel" | "common.delete" | "common.edit" | "common.close" | "common.error" | "hqSidebar.analytics" | "hqSidebar.collapseHq" | ... 125 more ... | "settingsPanel.sources.presence"'.
src/features/office/components/panels/PlaybooksPanel.tsx(602,22): error TS2345: Argument of type '"playbooks.jiraJql"' is not assignable to parameter of type '"common.loading" | "common.save" | "common.cancel" | "common.delete" | "common.edit" | "common.close" | "common.error" | "hqSidebar.analytics" | "hqSidebar.collapseHq" | ... 125 more ... | "settingsPanel.sources.presence"'.
src/features/office/components/panels/PlaybooksPanel.tsx(618,37): error TS2345: Argument of type '"playbooks.savingStandupSettings"' is not assignable to parameter of type '"common.loading" | "common.save" | "common.cancel" | "common.delete" | "common.edit" | "common.close" | "common.error" | "hqSidebar.analytics" | "hqSidebar.collapseHq" | ... 125 more ... | "settingsPanel.sources.presence"'.
src/features/office/components/panels/PlaybooksPanel.tsx(618,76): error TS2345: Argument of type '"playbooks.saveStandupSettings"' is not assignable to parameter of type '"common.loading" | "common.save" | "common.cancel" | "common.delete" | "common.edit" | "common.close" | "common.error" | "hqSidebar.analytics" | "hqSidebar.collapseHq" | ... 125 more ... | "settingsPanel.sources.presence"'.
src/features/office/components/panels/PlaybooksPanel.tsx(624,20): error TS2345: Argument of type '"playbooks.manualBoardInput"' is not assignable to parameter of type '"common.loading" | "common.save" | "common.cancel" | "common.delete" | "common.edit" | "common.close" | "common.error" | "hqSidebar.analytics" | "hqSidebar.collapseHq" | ... 125 more ... | "settingsPanel.sources.presence"'.
src/features/office/components/panels/PlaybooksPanel.tsx(629,24): error TS2345: Argument of type '"playbooks.agent"' is not assignable to parameter of type '"common.loading" | "common.save" | "common.cancel" | "common.delete" | "common.edit" | "common.close" | "common.error" | "hqSidebar.analytics" | "hqSidebar.collapseHq" | ... 125 more ... | "settingsPanel.sources.presence"'.
src/features/office/components/panels/PlaybooksPanel.tsx(636,41): error TS2345: Argument of type '"playbooks.selectAgent"' is not assignable to parameter of type '"common.loading" | "common.save" | "common.cancel" | "common.delete" | "common.edit" | "common.close" | "common.error" | "hqSidebar.analytics" | "hqSidebar.collapseHq" | ... 125 more ... | "settingsPanel.sources.presence"'.
src/features/office/components/panels/PlaybooksPanel.tsx(647,24): error TS2345: Argument of type '"playbooks.jiraAssigneeHint"' is not assignable to parameter of type '"common.loading" | "common.save" | "common.cancel" | "common.delete" | "common.edit" | "common.close" | "common.error" | "hqSidebar.analytics" | "hqSidebar.collapseHq" | ... 125 more ... | "settingsPanel.sources.presence"'.
src/features/office/components/panels/PlaybooksPanel.tsx(658,24): error TS2345: Argument of type '"playbooks.currentTask"' is not assignable to parameter of type '"common.loading" | "common.save" | "common.cancel" | "common.delete" | "common.edit" | "common.close" | "common.error" | "hqSidebar.analytics" | "hqSidebar.collapseHq" | ... 125 more ... | "settingsPanel.sources.presence"'.
src/features/office/components/panels/PlaybooksPanel.tsx(669,24): error TS2345: Argument of type '"playbooks.blockers"' is not assignable to parameter of type '"common.loading" | "common.save" | "common.cancel" | "common.delete" | "common.edit" | "common.close" | "common.error" | "hqSidebar.analytics" | "hqSidebar.collapseHq" | ... 125 more ... | "settingsPanel.sources.presence"'.
src/features/office/components/panels/PlaybooksPanel.tsx(681,24): error TS2345: Argument of type '"playbooks.manualNote"' is not assignable to parameter of type '"common.loading" | "common.save" | "common.cancel" | "common.delete" | "common.edit" | "common.close" | "common.error" | "hqSidebar.analytics" | "hqSidebar.collapseHq" | ... 125 more ... | "settingsPanel.sources.presence"'.
src/features/office/components/panels/PlaybooksPanel.tsx(696,22): error TS2345: Argument of type '"playbooks.saveManualNotes"' is not assignable to parameter of type '"common.loading" | "common.save" | "common.cancel" | "common.delete" | "common.edit" | "common.close" | "common.error" | "hqSidebar.analytics" | "hqSidebar.collapseHq" | ... 125 more ... | "settingsPanel.sources.presence"'.
src/features/office/components/panels/PlaybooksPanel.tsx(703,25): error TS2345: Argument of type '"playbooks.meetingPhase"' is not assignable to parameter of type '"common.loading" | "common.save" | "common.cancel" | "common.delete" | "common.edit" | "common.close" | "common.error" | "hqSidebar.analytics" | "hqSidebar.collapseHq" | ... 125 more ... | "settingsPanel.sources.presence"'.
src/features/office/components/panels/PlaybooksPanel.tsx(704,25): error TS2345: Argument of type '"playbooks.participants"' is not assignable to parameter of type '"common.loading" | "common.save" | "common.cancel" | "common.delete" | "common.edit" | "common.close" | "common.error" | "hqSidebar.analytics" | "hqSidebar.collapseHq" | ... 125 more ... | "settingsPanel.sources.presence"'.
src/features/office/components/panels/PlaybooksPanel.tsx(706,22): error TS2345: Argument of type '"playbooks.currentSpeaker"' is not assignable to parameter of type '"common.loading" | "common.save" | "common.cancel" | "common.delete" | "common.edit" | "common.close" | "common.error" | "hqSidebar.analytics" | "hqSidebar.collapseHq" | ... 125 more ... | "settingsPanel.sources.presence"'.
src/features/office/components/panels/PlaybooksPanel.tsx(706,96): error TS2345: Argument of type '"playbooks.waiting"' is not assignable to parameter of type '"common.loading" | "common.save" | "common.cancel" | "common.delete" | "common.edit" | "common.close" | "common.error" | "hqSidebar.analytics" | "hqSidebar.collapseHq" | ... 125 more ... | "settingsPanel.sources.presence"'.
src/features/office/components/panels/PlaybooksPanel.tsx(713,16): error TS2345: Argument of type '"playbooks.templates"' is not assignable to parameter of type '"common.loading" | "common.save" | "common.cancel" | "common.delete" | "common.edit" | "common.close" | "common.error" | "hqSidebar.analytics" | "hqSidebar.collapseHq" | ... 125 more ... | "settingsPanel.sources.presence"'.
src/features/office/components/panels/PlaybooksPanel.tsx(750,30): error TS2345: Argument of type '"playbooks.agent"' is not assignable to parameter of type '"common.loading" | "common.save" | "common.cancel" | "common.delete" | "common.edit" | "common.close" | "common.error" | "hqSidebar.analytics" | "hqSidebar.collapseHq" | ... 125 more ... | "settingsPanel.sources.presence"'.
src/features/office/components/panels/PlaybooksPanel.tsx(757,47): error TS2345: Argument of type '"playbooks.selectAgent"' is not assignable to parameter of type '"common.loading" | "common.save" | "common.cancel" | "common.delete" | "common.edit" | "common.close" | "common.error" | "hqSidebar.analytics" | "hqSidebar.collapseHq" | ... 125 more ... | "settingsPanel.sources.presence"'.
src/features/office/components/panels/PlaybooksPanel.tsx(768,30): error TS2345: Argument of type '"playbooks.nameOverride"' is not assignable to parameter of type '"common.loading" | "common.save" | "common.cancel" | "common.delete" | "common.edit" | "common.close" | "common.error" | "hqSidebar.analytics" | "hqSidebar.collapseHq" | ... 125 more ... | "settingsPanel.sources.presence"'.
src/features/office/components/panels/PlaybooksPanel.tsx(784,41): error TS2345: Argument of type '"playbooks.creatingPlaybook"' is not assignable to parameter of type '"common.loading" | "common.save" | "common.cancel" | "common.delete" | "common.edit" | "common.close" | "common.error" | "hqSidebar.analytics" | "hqSidebar.collapseHq" | ... 125 more ... | "settingsPanel.sources.presence"'.
src/features/office/components/panels/PlaybooksPanel.tsx(784,75): error TS2345: Argument of type '"playbooks.launchPlaybook"' is not assignable to parameter of type '"common.loading" | "common.save" | "common.cancel" | "common.delete" | "common.edit" | "common.close" | "common.error" | "hqSidebar.analytics" | "hqSidebar.collapseHq" | ... 125 more ... | "settingsPanel.sources.presence"'.
src/features/onboarding/components/ConnectStep.tsx(42,60): error TS2345: Argument of type '"connectStep.connected"' is not assignable to parameter of type '"common.loading" | "common.save" | "common.cancel" | "common.delete" | "common.edit" | "common.close" | "common.error" | "hqSidebar.analytics" | "hqSidebar.collapseHq" | ... 125 more ... | "settingsPanel.sources.presence"'.
src/features/onboarding/components/ConnectStep.tsx(44,14): error TS2345: Argument of type '"connectStep.connectedDesc"' is not assignable to parameter of type '"common.loading" | "common.save" | "common.cancel" | "common.delete" | "common.edit" | "common.close" | "common.error" | "hqSidebar.analytics" | "hqSidebar.collapseHq" | ... 125 more ... | "settingsPanel.sources.presence"'.
src/features/onboarding/components/ConnectStep.tsx(54,49): error TS2345: Argument of type '"connectStep.notConnected"' is not assignable to parameter of type '"common.loading" | "common.save" | "common.cancel" | "common.delete" | "common.edit" | "common.close" | "common.error" | "hqSidebar.analytics" | "hqSidebar.collapseHq" | ... 125 more ... | "settingsPanel.sources.presence"'.
src/features/onboarding/components/ConnectStep.tsx(60,16): error TS2345: Argument of type '"connectStep.gatewayUrl"' is not assignable to parameter of type '"common.loading" | "common.save" | "common.cancel" | "common.delete" | "common.edit" | "common.close" | "common.error" | "hqSidebar.analytics" | "hqSidebar.collapseHq" | ... 125 more ... | "settingsPanel.sources.presence"'.
src/features/onboarding/components/ConnectStep.tsx(74,16): error TS2345: Argument of type '"connectStep.gatewayToken"' is not assignable to parameter of type '"common.loading" | "common.save" | "common.cancel" | "common.delete" | "common.edit" | "common.close" | "common.error" | "hqSidebar.analytics" | "hqSidebar.collapseHq" | ... 125 more ... | "settingsPanel.sources.presence"'.
src/features/onboarding/components/ConnectStep.tsx(89,41): error TS2345: Argument of type '"connectStep.hideToken"' is not assignable to parameter of type '"common.loading" | "common.save" | "common.cancel" | "common.delete" | "common.edit" | "common.close" | "common.error" | "hqSidebar.analytics" | "hqSidebar.collapseHq" | ... 125 more ... | "settingsPanel.sources.presence"'.
src/features/onboarding/components/ConnectStep.tsx(89,70): error TS2345: Argument of type '"connectStep.showToken"' is not assignable to parameter of type '"common.loading" | "common.save" | "common.cancel" | "common.delete" | "common.edit" | "common.close" | "common.error" | "hqSidebar.analytics" | "hqSidebar.collapseHq" | ... 125 more ... | "settingsPanel.sources.presence"'.
src/features/onboarding/components/ConnectStep.tsx(109,18): error TS2345: Argument of type '"connectStep.connectingBtn"' is not assignable to parameter of type '"common.loading" | "common.save" | "common.cancel" | "common.delete" | "common.edit" | "common.close" | "common.error" | "hqSidebar.analytics" | "hqSidebar.collapseHq" | ... 125 more ... | "settingsPanel.sources.presence"'.
src/features/onboarding/components/ConnectStep.tsx(114,18): error TS2345: Argument of type '"connectStep.connectBtn"' is not assignable to parameter of type '"common.loading" | "common.save" | "common.cancel" | "common.delete" | "common.edit" | "common.close" | "common.error" | "hqSidebar.analytics" | "hqSidebar.collapseHq" | ... 125 more ... | "settingsPanel.sources.presence"'.
src/features/onboarding/components/ConnectStep.tsx(128,48): error TS2345: Argument of type '"connectStep.hints.localLabel"' is not assignable to parameter of type '"common.loading" | "common.save" | "common.cancel" | "common.delete" | "common.edit" | "common.close" | "common.error" | "hqSidebar.analytics" | "hqSidebar.collapseHq" | ... 125 more ... | "settingsPanel.sources.presence"'.
src/features/onboarding/components/ConnectStep.tsx(128,93): error TS2345: Argument of type '"connectStep.hints.localDesc"' is not assignable to parameter of type '"common.loading" | "common.save" | "common.cancel" | "common.delete" | "common.edit" | "common.close" | "common.error" | "hqSidebar.analytics" | "hqSidebar.collapseHq" | ... 125 more ... | "settingsPanel.sources.presence"'.
src/features/onboarding/components/ConnectStep.tsx(131,48): error TS2345: Argument of type '"connectStep.hints.tailscaleLabel"' is not assignable to parameter of type '"common.loading" | "common.save" | "common.cancel" | "common.delete" | "common.edit" | "common.close" | "common.error" | "hqSidebar.analytics" | "hqSidebar.collapseHq" | ... 125 more ... | "settingsPanel.sources.presence"'.
src/features/onboarding/components/ConnectStep.tsx(131,97): error TS2345: Argument of type '"connectStep.hints.tailscaleDesc"' is not assignable to parameter of type '"common.loading" | "common.save" | "common.cancel" | "common.delete" | "common.edit" | "common.close" | "common.error" | "hqSidebar.analytics" | "hqSidebar.collapseHq" | ... 125 more ... | "settingsPanel.sources.presence"'.
src/features/onboarding/components/ConnectStep.tsx(134,48): error TS2345: Argument of type '"connectStep.hints.sshLabel"' is not assignable to parameter of type '"common.loading" | "common.save" | "common.cancel" | "common.delete" | "common.edit" | "common.close" | "common.error" | "hqSidebar.analytics" | "hqSidebar.collapseHq" | ... 125 more ... | "settingsPanel.sources.presence"'.
src/features/onboarding/components/ConnectStep.tsx(134,91): error TS2345: Argument of type '"connectStep.hints.sshDesc"' is not assignable to parameter of type '"common.loading" | "common.save" | "common.cancel" | "common.delete" | "common.edit" | "common.close" | "common.error" | "hqSidebar.analytics" | "hqSidebar.collapseHq" | ... 125 more ... | "settingsPanel.sources.presence"'.
